// Vitest Snapshot v1, https://vitest.dev/guide/snapshot.html

exports[`canonical normalization > ignores condition permutations using all nested parameter values 1`] = `
{
  "containerMeta": [],
  "kinds": [
    {
      "added": [],
      "kind": "tag",
      "modified": [],
      "removed": [],
      "unchanged": 0,
    },
    {
      "added": [],
      "kind": "trigger",
      "modified": [],
      "removed": [],
      "unchanged": 1,
    },
    {
      "added": [],
      "kind": "variable",
      "modified": [],
      "removed": [],
      "unchanged": 0,
    },
    {
      "added": [],
      "kind": "folder",
      "modified": [],
      "removed": [],
      "unchanged": 0,
    },
    {
      "added": [],
      "kind": "builtInVariable",
      "modified": [],
      "removed": [],
      "unchanged": 0,
    },
    {
      "added": [],
      "kind": "client",
      "modified": [],
      "removed": [],
      "unchanged": 0,
    },
    {
      "added": [],
      "kind": "transformation",
      "modified": [],
      "removed": [],
      "unchanged": 0,
    },
    {
      "added": [],
      "kind": "customTemplate",
      "modified": [],
      "removed": [],
      "unchanged": 0,
    },
    {
      "added": [],
      "kind": "zone",
      "modified": [],
      "removed": [],
      "unchanged": 0,
    },
    {
      "added": [],
      "kind": "gtagConfig",
      "modified": [],
      "removed": [],
      "unchanged": 0,
    },
  ],
  "source": {
    "label": "before",
  },
  "summary": {
    "added": 0,
    "modified": 0,
    "removed": 0,
    "unchanged": 1,
  },
  "target": {
    "label": "after",
  },
}
`;

exports[`canonical normalization > renders identical snapshots across object, entity and map permutations 1`] = `
"# GTM diff: <code>before</code> → <code>after</code>

| | Added | Removed | Modified | Unchanged |
|---|---:|---:|---:|---:|
| Total | 0 | 0 | 2 | 0 |
| tags | 0 | 0 | 2 | 0 |
| triggers | 0 | 0 | 0 | 0 |
| variables | 0 | 0 | 0 | 0 |
| folders | 0 | 0 | 0 | 0 |
| built-in variables | 0 | 0 | 0 | 0 |
| clients | 0 | 0 | 0 | 0 |
| transformations | 0 | 0 | 0 | 0 |
| custom templates | 0 | 0 | 0 | 0 |
| zones | 0 | 0 | 0 | 0 |
| Google tag configs | 0 | 0 | 0 | 0 |

## Tags

### Modified
<details>
<summary><strong>A</strong> <code>html</code> — 1 field change</summary>

\`\`\`diff
~ notes: "old" → "new"
\`\`\`

</details>
<details>
<summary><strong>Z</strong> <code>html</code> — 5 field changes</summary>

\`\`\`diff
~ extension.a: "old" → "new"
~ extension.z: "old" → "new"
~ notes: "old" → "new"
~ parameter[0].map[0].value: "old" → "new"
~ parameter[0].map[1].value: "old" → "new"
\`\`\`

</details>

"
`;

exports[`canonical normalization > renders identical snapshots across object, entity and map permutations 2`] = `
"<!doctype html>
<html lang="en">
<head>
<meta charset="utf-8">
<title>GTM diff</title>
<style>
  :root { color-scheme: light dark; }
  body { font-family: -apple-system, BlinkMacSystemFont, "Segoe UI", Roboto, sans-serif; max-width: 1000px; margin: 2rem auto; padding: 0 1rem; }
  h1 { font-size: 1.4rem; }
  h2 { margin-top: 2rem; border-bottom: 1px solid #888; padding-bottom: .25rem; }
  h3 { margin-top: 1rem; }
  table.summary { border-collapse: collapse; margin: 1rem 0; }
  table.summary th, table.summary td { padding: .25rem .75rem; border: 1px solid #888; text-align: right; }
  table.summary th { text-align: left; }
  pre.diff { background: rgba(128,128,128,.08); padding: .5rem; border-radius: 4px; overflow-x: auto; font-size: .85rem; line-height: 1.4; }
  .add { color: #2e7d32; }
  .rem { color: #c62828; }
  .mod { color: #b26a00; }
  .unchanged { color: #888; }
  details { margin: .25rem 0; }
  summary { cursor: pointer; }
  code { background: rgba(128,128,128,.15); padding: .1em .3em; border-radius: 3px; font-size: .9em; }
</style>
</head>
<body>
<h1>GTM diff: <code>before</code> → <code>after</code></h1>
<table class="summary">
<thead><tr><th></th><th>Added</th><th>Removed</th><th>Modified</th><th>Unchanged</th></tr></thead>
<tbody><tr><th>Total</th><td class="add">0</td><td class="rem">0</td><td class="mod">2</td><td class="unchanged">0</td></tr>
<tr><th>tags</th><td class="add">0</td><td class="rem">0</td><td class="mod">2</td><td class="unchanged">0</td></tr>
<tr><th>triggers</th><td class="add">0</td><td class="rem">0</td><td class="mod">0</td><td class="unchanged">0</td></tr>
<tr><th>variables</th><td class="add">0</td><td class="rem">0</td><td class="mod">0</td><td class="unchanged">0</td></tr>
<tr><th>folders</th><td class="add">0</td><td class="rem">0</td><td class="mod">0</td><td class="unchanged">0</td></tr>
<tr><th>built-in variables</th><td class="add">0</td><td class="rem">0</td><td class="mod">0</td><td class="unchanged">0</td></tr>
<tr><th>clients</th><td class="add">0</td><td class="rem">0</td><td class="mod">0</td><td class="unchanged">0</td></tr>
<tr><th>transformations</th><td class="add">0</td><td class="rem">0</td><td class="mod">0</td><td class="unchanged">0</td></tr>
<tr><th>custom templates</th><td class="add">0</td><td class="rem">0</td><td class="mod">0</td><td class="unchanged">0</td></tr>
<tr><th>zones</th><td class="add">0</td><td class="rem">0</td><td class="mod">0</td><td class="unchanged">0</td></tr>
<tr><th>Google tag configs</th><td class="add">0</td><td class="rem">0</td><td class="mod">0</td><td class="unchanged">0</td></tr></tbody>
</table>
<h2>Tags</h2>
<h3 class="mod">Modified</h3>
<details>
<summary><strong>A</strong> <code>html</code> — 1 field change</summary>
<pre class="diff">
<span class="mod">~ notes: &quot;old&quot; → &quot;new&quot;</span>
</pre>
</details>
<details>
<summary><strong>Z</strong> <code>html</code> — 5 field changes</summary>
<pre class="diff">
<span class="mod">~ extension.a: &quot;old&quot; → &quot;new&quot;</span>
<span class="mod">~ extension.z: &quot;old&quot; → &quot;new&quot;</span>
<span class="mod">~ notes: &quot;old&quot; → &quot;new&quot;</span>
<span class="mod">~ parameter[0].map[0].value: &quot;old&quot; → &quot;new&quot;</span>
<span class="mod">~ parameter[0].map[1].value: &quot;old&quot; → &quot;new&quot;</span>
</pre>
</details>

</body>
</html>
"
`;

exports[`canonical normalization > renders identical snapshots across object, entity and map permutations 3`] = `
"GTM diff: before → after

+0 added  -0 removed  ~2 modified  0 unchanged

TAGS
  ~ A  (html)
      ~ notes: "old" → "new"
  ~ Z  (html)
      ~ extension.a: "old" → "new"
      ~ extension.z: "old" → "new"
      ~ notes: "old" → "new"
      ~ parameter[0].map[0].value: "old" → "new"
      ~ parameter[0].map[1].value: "old" → "new"
"
`;

exports[`canonical normalization > renders identical snapshots across object, entity and map permutations 4`] = `
"{
  "containerMeta": [],
  "coverage": {
    "complete": true,
    "omittedFields": {
      "after": [],
      "before": []
    }
  },
  "hasChanges": true,
  "kinds": [
    {
      "added": [],
      "kind": "tag",
      "modified": [
        {
          "after": {
            "name": "A",
            "notes": "new",
            "type": "html"
          },
          "before": {
            "name": "A",
            "notes": "old",
            "type": "html"
          },
          "fieldDiffs": [
            {
              "oldValue": "old",
              "path": [
                "notes"
              ],
              "type": "CHANGE",
              "value": "new"
            }
          ],
          "key": "html::A",
          "kind": "tag",
          "status": "modified"
        },
        {
          "after": {
            "extension": {
              "a": "new",
              "z": "new"
            },
            "name": "Z",
            "notes": "new",
            "parameter": [
              {
                "key": "x",
                "map": [
                  {
                    "key": "a",
                    "type": "template",
                    "value": "new"
                  },
                  {
                    "key": "z",
                    "type": "template",
                    "value": "new"
                  }
                ],
                "type": "map"
              }
            ],
            "type": "html"
          },
          "before": {
            "extension": {
              "a": "old",
              "z": "old"
            },
            "name": "Z",
            "notes": "old",
            "parameter": [
              {
                "key": "x",
                "map": [
                  {
                    "key": "a",
                    "type": "template",
                    "value": "old"
                  },
                  {
                    "key": "z",
                    "type": "template",
                    "value": "old"
                  }
                ],
                "type": "map"
              }
            ],
            "type": "html"
          },
          "fieldDiffs": [
            {
              "oldValue": "old",
              "path": [
                "extension",
                "a"
              ],
              "type": "CHANGE",
              "value": "new"
            },
            {
              "oldValue": "old",
              "path": [
                "extension",
                "z"
              ],
              "type": "CHANGE",
              "value": "new"
            },
            {
              "oldValue": "old",
              "path": [
                "notes"
              ],
              "type": "CHANGE",
              "value": "new"
            },
            {
              "oldValue": "old",
              "path": [
                "parameter",
                0,
                "map",
                0,
                "value"
              ],
              "type": "CHANGE",
              "value": "new"
            },
            {
              "oldValue": "old",
              "path": [
                "parameter",
                0,
                "map",
                1,
                "value"
              ],
              "type": "CHANGE",
              "value": "new"
            }
          ],
          "key": "html::Z",
          "kind": "tag",
          "status": "modified"
        }
      ],
      "removed": [],
      "unchanged": 0
    },
    {
      "added": [],
      "kind": "trigger",
      "modified": [],
      "removed": [],
      "unchanged": 0
    },
    {
      "added": [],
      "kind": "variable",
      "modified": [],
      "removed": [],
      "unchanged": 0
    },
    {
      "added": [],
      "kind": "folder",
      "modified": [],
      "removed": [],
      "unchanged": 0
    },
    {
      "added": [],
      "kind": "builtInVariable",
      "modified": [],
      "removed": [],
      "unchanged": 0
    },
    {
      "added": [],
      "kind": "client",
      "modified": [],
      "removed": [],
      "unchanged": 0
    },
    {
      "added": [],
      "kind": "transformation",
      "modified": [],
      "removed": [],
      "unchanged": 0
    },
    {
      "added": [],
      "kind": "customTemplate",
      "modified": [],
      "removed": [],
      "unchanged": 0
    },
    {
      "added": [],
      "kind": "zone",
      "modified": [],
      "removed": [],
      "unchanged": 0
    },
    {
      "added": [],
      "kind": "gtagConfig",
      "modified": [],
      "removed": [],
      "unchanged": 0
    }
  ],
  "schemaVersion": 1,
  "source": {
    "label": "before"
  },
  "summary": {
    "added": 0,
    "modified": 2,
    "removed": 0,
    "unchanged": 0
  },
  "target": {
    "label": "after"
  }
}"
`;

exports[`canonical normalization > retains unknown parameter and condition fields 1`] = `
[
  {
    "after": {
      "name": "T",
      "parameter": [
        {
          "futureSetting": {
            "nested": "new",
          },
          "key": "x",
          "type": "template",
          "value": "same",
        },
      ],
      "type": "html",
    },
    "before": {
      "name": "T",
      "parameter": [
        {
          "futureSetting": {
            "nested": "old",
          },
          "key": "x",
          "type": "template",
          "value": "same",
        },
      ],
      "type": "html",
    },
    "fieldDiffs": [
      {
        "oldValue": "old",
        "path": [
          "parameter",
          0,
          "futureSetting",
          "nested",
        ],
        "type": "CHANGE",
        "value": "new",
      },
    ],
    "key": "html::T",
    "kind": "tag",
    "status": "modified",
  },
  {
    "after": {
      "filter": [
        {
          "futureSetting": {
            "nested": "new",
          },
          "parameter": [
            {
              "key": "arg0",
              "type": "template",
              "value": "{{Event}}",
            },
            {
              "key": "arg1",
              "type": "template",
              "value": "a",
            },
          ],
          "type": "equals",
        },
      ],
      "name": "T",
      "type": "customEvent",
    },
    "before": {
      "filter": [
        {
          "futureSetting": {
            "nested": "old",
          },
          "parameter": [
            {
              "key": "arg0",
              "type": "template",
              "value": "{{Event}}",
            },
            {
              "key": "arg1",
              "type": "template",
              "value": "a",
            },
          ],
          "type": "equals",
        },
      ],
      "name": "T",
      "type": "customEvent",
    },
    "fieldDiffs": [
      {
        "oldValue": "old",
        "path": [
          "filter",
          0,
          "futureSetting",
          "nested",
        ],
        "type": "CHANGE",
        "value": "new",
      },
    ],
    "key": "customEvent::T",
    "kind": "trigger",
    "status": "modified",
  },
]
`;

exports[`list order regression > reports authored order changes in unknown lists with stable field ordering 1`] = `
"GTM diff: before → after

+0 added  -0 removed  ~1 modified  0 unchanged

VARIABLES
  ~ Ordered values  (custom)
      ~ parameter[0].list[0].value: "first" → "second"
      ~ parameter[0].list[1].value: "second" → "first"
"
`;
